// Jest Snapshot v1, https://goo.gl/fbAQLP

exports[`<App /> renders correctly 1`] = `
<div>
  <h2>
    Loot Checker
  </h2>
  <hr />
  <div>
    <h3
      className="balance"
    >
      Wallet Balance: 
    </h3>
    <input
      className="input-wallet"
      onChange={[Function]}
      type="number"
    />
    <button
      className="btn-deposit"
      onClick={[Function]}
    >
      Deposit
    </button>
    <button
      className="btn-withdraw"
      onClick={[Function]}
    >
      Withdraw
    </button>
  </div>
  <hr />
  <h3>
    Bitcoin Balance: 
    
  </h3>
  <div>
    Powered by 
    <a
      href="https://www.coindesk.com/price"
      rel="noopener noreferrer"
      target="_blank"
    >
      Coindesk
    </a>
  </div>
</div>
`;
